Build started 12-01-2022 18:12:16.
     1>Project "D:\visualStudio15\Readdata\Readdata\Readdata.vcxproj" on node 2 (Build target(s)).
     1>ClCompile:
         C:\Program Files (x86)\Microsoft Visual Studio 14.0\VC\bin\x86_amd64\CL.exe /c /ID:\visualStudio15\SQLAPI\include /ZI /nologo /W3 /WX- /sdl /Od /D _MBCS /Gm /EHsc /RTC1 /MDd /GS /fp:precise /Zc:wchar_t /Zc:forScope /Zc:inline /Fo"x64\Debug\\" /Fd"x64\Debug\vc140.pdb" /Gd /TP /errorReport:prompt Source.cpp sqldata.cpp
         sqldata.cpp
         Source.cpp
         Generating Code...
       Link:
         C:\Program Files (x86)\Microsoft Visual Studio 14.0\VC\bin\x86_amd64\link.exe /ERRORREPORT:PROMPT /OUT:"D:\visualStudio15\Readdata\x64\Debug\Readdata.exe" /INCREMENTAL /NOLOGO /LIBPATH:D:\visualStudio15\SQLAPI\vs2017\lib sqlapi.lib sqlapid.lib sqlapis.lib sqlapisd.lib sqlapiu.lib sqlapiud.lib sqlapius.lib sqlapiusd.lib kernel32.lib user32.lib gdi32.lib winspool.lib comdlg32.lib advapi32.lib shell32.lib ole32.lib oleaut32.lib uuid.lib odbc32.lib odbccp32.lib /MANIFEST /MANIFESTUAC:"level='asInvoker' uiAccess='false'" /manifest:embed /Debug /PDB:"D:\visualStudio15\Readdata\x64\Debug\Readdata.pdb" /TLBID:1 /DYNAMICBASE /NXCOMPAT /IMPLIB:"D:\visualStudio15\Readdata\x64\Debug\Readdata.lib" /MACHINE:X64 x64\Debug\Source.obj
         x64\Debug\sqldata.obj
     1>sqldata.obj : error LNK2019: unresolved external symbol "public: __cdecl SAString::SAString(char const *)" (??0SAString@@QEAA@PEBD@Z) referenced in function "public: void __cdecl sqldata::calldata(void)" (?calldata@sqldata@@QEAAXXZ)
     1>sqldata.obj : error LNK2019: unresolved external symbol "public: __cdecl SAString::~SAString(void)" (??1SAString@@QEAA@XZ) referenced in function "public: void __cdecl sqldata::calldata(void)" (?calldata@sqldata@@QEAAXXZ)
     1>sqldata.obj : error LNK2019: unresolved external symbol "public: __cdecl SAConnection::SAConnection(void)" (??0SAConnection@@QEAA@XZ) referenced in function "public: void __cdecl sqldata::calldata(void)" (?calldata@sqldata@@QEAAXXZ)
     1>sqldata.obj : error LNK2019: unresolved external symbol "public: virtual __cdecl SAConnection::~SAConnection(void)" (??1SAConnection@@UEAA@XZ) referenced in function "public: void __cdecl sqldata::calldata(void)" (?calldata@sqldata@@QEAAXXZ)
     1>sqldata.obj : error LNK2019: unresolved external symbol "public: void __cdecl SAConnection::Connect(class SAString const &,class SAString const &,class SAString const &,enum eSAClient,void (__cdecl*)(class SAConnection &,enum eSAConnectionHandlerType))" (?Connect@SAConnection@@QEAAXAEBVSAString@@00W4eSAClient@@P6AXAEAV1@W4eSAConnectionHandlerType@@@Z@Z) referenced in function "public: void __cdecl sqldata::calldata(void)" (?calldata@sqldata@@QEAAXXZ)
     1>D:\visualStudio15\SQLAPI\vs2017\lib\sqlapi.lib : warning LNK4272: library machine type 'X86' conflicts with target machine type 'x64'
     1>D:\visualStudio15\SQLAPI\vs2017\lib\sqlapid.lib : warning LNK4272: library machine type 'X86' conflicts with target machine type 'x64'
     1>D:\visualStudio15\SQLAPI\vs2017\lib\sqlapis.lib : warning LNK4272: library machine type 'X86' conflicts with target machine type 'x64'
     1>D:\visualStudio15\SQLAPI\vs2017\lib\sqlapisd.lib : warning LNK4272: library machine type 'X86' conflicts with target machine type 'x64'
     1>D:\visualStudio15\SQLAPI\vs2017\lib\sqlapiu.lib : warning LNK4272: library machine type 'X86' conflicts with target machine type 'x64'
     1>D:\visualStudio15\SQLAPI\vs2017\lib\sqlapiud.lib : warning LNK4272: library machine type 'X86' conflicts with target machine type 'x64'
     1>D:\visualStudio15\SQLAPI\vs2017\lib\sqlapius.lib : warning LNK4272: library machine type 'X86' conflicts with target machine type 'x64'
     1>D:\visualStudio15\SQLAPI\vs2017\lib\sqlapiusd.lib : warning LNK4272: library machine type 'X86' conflicts with target machine type 'x64'
     1>D:\visualStudio15\Readdata\x64\Debug\Readdata.exe : fatal error LNK1120: 5 unresolved externals
     1>Done Building Project "D:\visualStudio15\Readdata\Readdata\Readdata.vcxproj" (Build target(s)) -- FAILED.

Build FAILED.

Time Elapsed 00:00:01.12
