d:\visualstudio15\demo\pheonix_cam\x64\release\pheonix_cam.pch
d:\visualstudio15\demo\pheonix_cam\x64\release\vc140.pdb
d:\visualstudio15\demo\pheonix_cam\x64\release\stdafx.obj
d:\visualstudio15\demo\pheonix_cam\x64\release\pheonix_cam.obj
d:\visualstudio15\demo - cam thread\pheonix_cam\x64\release\pheonix_cam.pch
d:\visualstudio15\demo - cam thread\pheonix_cam\x64\release\vc140.pdb
d:\visualstudio15\demo - cam thread\pheonix_cam\x64\release\stdafx.obj
d:\visualstudio15\demo - cam thread\pheonix_cam\x64\release\pheonix_cam.obj
d:\visualstudio15\demo\x64\release\pheonix_cam.exe
d:\visualstudio15\demo\x64\release\pheonix_cam.ipdb
d:\visualstudio15\demo\x64\release\pheonix_cam.iobj
d:\visualstudio15\demo\x64\release\pheonix_cam.pdb
d:\visualstudio15\demo - cam thread\x64\release\pheonix_cam.exe
d:\visualstudio15\demo - cam thread\x64\release\pheonix_cam.ipdb
d:\visualstudio15\demo - cam thread\x64\release\pheonix_cam.iobj
d:\visualstudio15\demo - cam thread\x64\release\pheonix_cam.pdb
d:\visualstudio15\demo - cam thread\pheonix_cam\x64\release\pheonix_cam.tlog\cl.command.1.tlog
d:\visualstudio15\demo - cam thread\pheonix_cam\x64\release\pheonix_cam.tlog\cl.read.1.tlog
d:\visualstudio15\demo - cam thread\pheonix_cam\x64\release\pheonix_cam.tlog\cl.write.1.tlog
d:\visualstudio15\demo - cam thread\pheonix_cam\x64\release\pheonix_cam.tlog\link.command.1.tlog
d:\visualstudio15\demo - cam thread\pheonix_cam\x64\release\pheonix_cam.tlog\link.read.1.tlog
d:\visualstudio15\demo - cam thread\pheonix_cam\x64\release\pheonix_cam.tlog\link.write.1.tlog
