Build started 14-06-2022 13:10:39.
     1>Project "D:\visualStudio15\opecvfun\CamSelection_Write\CamSelection_Write\CamSelection_Write.vcxproj" on node 2 (Build target(s)).
     1>ClCompile:
         C:\Program Files (x86)\Microsoft Visual Studio 14.0\VC\bin\CL.exe /c /ZI /nologo /W3 /WX- /sdl /Od /Oy- /D WIN32 /D _DEBUG /D _CONSOLE /D _UNICODE /D UNICODE /Gm /EHsc /RTC1 /MDd /GS /fp:precise /Zc:wchar_t /Zc:forScope /Zc:inline /Yc"stdafx.h" /Fp"Debug\CamSelection_Write.pch" /Fo"Debug\\" /Fd"Debug\vc140.pdb" /Gd /TP /analyze- /errorReport:prompt stdafx.cpp
         stdafx.cpp
         C:\Program Files (x86)\Microsoft Visual Studio 14.0\VC\bin\CL.exe /c /ZI /nologo /W3 /WX- /sdl /Od /Oy- /D WIN32 /D _DEBUG /D _CONSOLE /D _UNICODE /D UNICODE /Gm /EHsc /RTC1 /MDd /GS /fp:precise /Zc:wchar_t /Zc:forScope /Zc:inline /Yu"stdafx.h" /Fp"Debug\CamSelection_Write.pch" /Fo"Debug\\" /Fd"Debug\vc140.pdb" /Gd /TP /analyze- /errorReport:prompt camselect.cpp CamSelection_Write.cpp
         CamSelection_Write.cpp
         camselect.cpp
         Generating Code...
       ResourceCompile:
         C:\Program Files (x86)\Windows Kits\8.1\bin\x86\rc.exe /D _UNICODE /D UNICODE /l"0x0409" /nologo /fo"Debug\CamSelection_Write.res" CamSelection_Write.rc 
       Link:
         C:\Program Files (x86)\Microsoft Visual Studio 14.0\VC\bin\link.exe /ERRORREPORT:PROMPT /OUT:"D:\visualStudio15\opecvfun\CamSelection_Write\Debug\CamSelection_Write.exe" /INCREMENTAL /NOLOGO kernel32.lib user32.lib gdi32.lib winspool.lib comdlg32.lib advapi32.lib shell32.lib ole32.lib oleaut32.lib uuid.lib odbc32.lib odbccp32.lib /MANIFEST /MANIFESTUAC:"level='asInvoker' uiAccess='false'" /manifest:embed /Debug /PDB:"D:\visualStudio15\opecvfun\CamSelection_Write\Debug\CamSelection_Write.pdb" /SUBSYSTEM:CONSOLE /TLBID:1 /DYNAMICBASE /NXCOMPAT /IMPLIB:"D:\visualStudio15\opecvfun\CamSelection_Write\Debug\CamSelection_Write.lib" /MACHINE:X86 Debug\CamSelection_Write.res
         Debug\camselect.obj
         Debug\CamSelection_Write.obj
         Debug\stdafx.obj
         CamSelection_Write.vcxproj -> D:\visualStudio15\opecvfun\CamSelection_Write\Debug\CamSelection_Write.exe
     1>Done Building Project "D:\visualStudio15\opecvfun\CamSelection_Write\CamSelection_Write\CamSelection_Write.vcxproj" (Build target(s)).

Build succeeded.

Time Elapsed 00:00:01.84
