  stdafx.cpp
  dllmain.cpp
  Recondll.cpp
  math_functions.h is an internal header file and must not be used directly.  This file will be removed in a future CUDA release.  Please use cuda_runtime_api.h or cuda_runtime.h instead.
Recondll.cpp(106): warning C4297: 'getvolume1': function assumed not to throw an exception but does
  Recondll.cpp(106): note: __declspec(nothrow), throw(), noexcept(true), or noexcept was specified on the function
Recondll.cpp(129): warning C4297: 'getvolume1': function assumed not to throw an exception but does
  Recondll.cpp(129): note: __declspec(nothrow), throw(), noexcept(true), or noexcept was specified on the function
Recondll.cpp(159): warning C4297: 'getvolume1': function assumed not to throw an exception but does
  Recondll.cpp(159): note: __declspec(nothrow), throw(), noexcept(true), or noexcept was specified on the function
Recondll.cpp(258): warning C4297: 'getvolume1': function assumed not to throw an exception but does
  Recondll.cpp(258): note: __declspec(nothrow), throw(), noexcept(true), or noexcept was specified on the function
Recondll.cpp(274): warning C4297: 'getvolume1': function assumed not to throw an exception but does
  Recondll.cpp(274): note: __declspec(nothrow), throw(), noexcept(true), or noexcept was specified on the function
Recondll.cpp(338): warning C4297: 'getvolume1': function assumed not to throw an exception but does
  Recondll.cpp(338): note: __declspec(nothrow), throw(), noexcept(true), or noexcept was specified on the function
Recondll.cpp(353): warning C4297: 'getvolume1': function assumed not to throw an exception but does
  Recondll.cpp(353): note: __declspec(nothrow), throw(), noexcept(true), or noexcept was specified on the function
Recondll.cpp(368): warning C4297: 'getvolume1': function assumed not to throw an exception but does
  Recondll.cpp(368): note: __declspec(nothrow), throw(), noexcept(true), or noexcept was specified on the function
Recondll.cpp(396): warning C4297: 'getvolume1': function assumed not to throw an exception but does
  Recondll.cpp(396): note: __declspec(nothrow), throw(), noexcept(true), or noexcept was specified on the function
Recondll.cpp(426): warning C4297: 'getvolume1': function assumed not to throw an exception but does
  Recondll.cpp(426): note: __declspec(nothrow), throw(), noexcept(true), or noexcept was specified on the function
Recondll.cpp(441): warning C4297: 'getvolume1': function assumed not to throw an exception but does
  Recondll.cpp(441): note: __declspec(nothrow), throw(), noexcept(true), or noexcept was specified on the function
Recondll.cpp(497): warning C4297: 'getvolume1': function assumed not to throw an exception but does
  Recondll.cpp(497): note: __declspec(nothrow), throw(), noexcept(true), or noexcept was specified on the function
Recondll.cpp(515): warning C4297: 'getvolume1': function assumed not to throw an exception but does
  Recondll.cpp(515): note: __declspec(nothrow), throw(), noexcept(true), or noexcept was specified on the function
C:\Program Files (x86)\Microsoft Visual Studio 14.0\VC\include\xmemory0(737): warning C4244: 'initializing': conversion from 'double' to 'int', possible loss of data
  C:\Program Files (x86)\Microsoft Visual Studio 14.0\VC\include\xmemory0(857): note: see reference to function template instantiation 'void std::allocator<_Ty>::construct<_Objty,double&>(_Objty *,double &)' being compiled
          with
          [
              _Ty=int,
              _Objty=int
          ]
  C:\Program Files (x86)\Microsoft Visual Studio 14.0\VC\include\xmemory0(857): note: see reference to function template instantiation 'void std::allocator<_Ty>::construct<_Objty,double&>(_Objty *,double &)' being compiled
          with
          [
              _Ty=int,
              _Objty=int
          ]
  C:\Program Files (x86)\Microsoft Visual Studio 14.0\VC\include\xmemory0(996): note: see reference to function template instantiation 'void std::allocator_traits<_Alloc>::construct<_Ty,double&>(std::allocator<_Ty> &,_Objty *,double &)' being compiled
          with
          [
              _Alloc=std::allocator<int>,
              _Ty=int,
              _Objty=int
          ]
  C:\Program Files (x86)\Microsoft Visual Studio 14.0\VC\include\xmemory0(995): note: see reference to function template instantiation 'void std::allocator_traits<_Alloc>::construct<_Ty,double&>(std::allocator<_Ty> &,_Objty *,double &)' being compiled
          with
          [
              _Alloc=std::allocator<int>,
              _Ty=int,
              _Objty=int
          ]
  C:\Program Files (x86)\Microsoft Visual Studio 14.0\VC\include\xmemory(225): note: see reference to function template instantiation 'void std::_Wrap_alloc<std::allocator<_Ty>>::construct<_Ty,double&>(_Ty *,double &)' being compiled
          with
          [
              _Ty=int
          ]
  C:\Program Files (x86)\Microsoft Visual Studio 14.0\VC\include\xmemory(225): note: see reference to function template instantiation 'void std::_Wrap_alloc<std::allocator<_Ty>>::construct<_Ty,double&>(_Ty *,double &)' being compiled
          with
          [
              _Ty=int
          ]
  C:\Program Files (x86)\Microsoft Visual Studio 14.0\VC\include\xmemory(251): note: see reference to function template instantiation '_FwdIt *std::_Uninitialized_copy_al_unchecked1<_InIt,_FwdIt,std::allocator<_Ty>>(_InIt,_InIt,_FwdIt,std::_Wrap_alloc<std::allocator<_Ty>> &,std::_General_ptr_iterator_tag,std::_Any_tag)' being compiled
          with
          [
              _FwdIt=int *,
              _InIt=std::_List_unchecked_iterator<std::_List_val<std::_List_simple_types<double>>>,
              _Ty=int
          ]
  C:\Program Files (x86)\Microsoft Visual Studio 14.0\VC\include\xmemory(264): note: see reference to function template instantiation '_FwdIt *std::_Uninitialized_copy_al_unchecked<std::_List_unchecked_iterator<std::_List_val<std::_List_simple_types<double>>>,_Iter,std::allocator<_Ty>>(_InIt,_InIt,_FwdIt,std::_Wrap_alloc<std::allocator<_Ty>> &)' being compiled
          with
          [
              _FwdIt=int *,
              _Iter=int *,
              _Ty=int,
              _InIt=std::_List_unchecked_iterator<std::_List_val<std::_List_simple_types<double>>>
          ]
  C:\Program Files (x86)\Microsoft Visual Studio 14.0\VC\include\vector(1653): note: see reference to function template instantiation '_FwdIt *std::_Uninitialized_copy<_Iter,int*,std::allocator<_Ty>>(_InIt,_InIt,_FwdIt,std::_Wrap_alloc<std::allocator<_Ty>> &)' being compiled
          with
          [
              _FwdIt=int *,
              _Iter=std::_List_iterator<std::_List_val<std::_List_simple_types<double>>>,
              _Ty=int,
              _InIt=std::_List_iterator<std::_List_val<std::_List_simple_types<double>>>
          ]
  C:\Program Files (x86)\Microsoft Visual Studio 14.0\VC\include\vector(818): note: see reference to function template instantiation 'int *std::vector<int,std::allocator<_Ty>>::_Ucopy<_Iter>(_Iter,_Iter,int *)' being compiled
          with
          [
              _Ty=int,
              _Iter=std::_List_iterator<std::_List_val<std::_List_simple_types<double>>>
          ]
  C:\Program Files (x86)\Microsoft Visual Studio 14.0\VC\include\vector(818): note: see reference to function template instantiation 'int *std::vector<int,std::allocator<_Ty>>::_Ucopy<_Iter>(_Iter,_Iter,int *)' being compiled
          with
          [
              _Ty=int,
              _Iter=std::_List_iterator<std::_List_val<std::_List_simple_types<double>>>
          ]
  C:\Program Files (x86)\Microsoft Visual Studio 14.0\VC\include\vector(793): note: see reference to function template instantiation 'void std::vector<int,std::allocator<_Ty>>::_Construct<_Iter>(_Iter,_Iter,std::forward_iterator_tag)' being compiled
          with
          [
              _Ty=int,
              _Iter=std::_List_iterator<std::_List_val<std::_List_simple_types<double>>>
          ]
  C:\Program Files (x86)\Microsoft Visual Studio 14.0\VC\include\vector(793): note: see reference to function template instantiation 'void std::vector<int,std::allocator<_Ty>>::_Construct<_Iter>(_Iter,_Iter,std::forward_iterator_tag)' being compiled
          with
          [
              _Ty=int,
              _Iter=std::_List_iterator<std::_List_val<std::_List_simple_types<double>>>
          ]
  C:\Program Files (x86)\Microsoft Visual Studio 14.0\VC\include\vector(778): note: see reference to function template instantiation 'void std::vector<int,std::allocator<_Ty>>::_Construct<_Iter>(_Iter,_Iter)' being compiled
          with
          [
              _Ty=int,
              _Iter=std::_List_iterator<std::_List_val<std::_List_simple_types<double>>>
          ]
  C:\Program Files (x86)\Microsoft Visual Studio 14.0\VC\include\vector(778): note: see reference to function template instantiation 'void std::vector<int,std::allocator<_Ty>>::_Construct<_Iter>(_Iter,_Iter)' being compiled
          with
          [
              _Ty=int,
              _Iter=std::_List_iterator<std::_List_val<std::_List_simple_types<double>>>
          ]
  Recondll.cpp(163): note: see reference to function template instantiation 'std::vector<int,std::allocator<_Ty>>::vector<std::_List_iterator<std::_List_val<std::_List_simple_types<double>>>,void>(_Iter,_Iter)' being compiled
          with
          [
              _Ty=int,
              _Iter=std::_List_iterator<std::_List_val<std::_List_simple_types<double>>>
          ]
  Recondll.cpp(163): note: see reference to function template instantiation 'std::vector<int,std::allocator<_Ty>>::vector<std::_List_iterator<std::_List_val<std::_List_simple_types<double>>>,void>(_Iter,_Iter)' being compiled
          with
          [
              _Ty=int,
              _Iter=std::_List_iterator<std::_List_val<std::_List_simple_types<double>>>
          ]
     Creating library D:\2015 Proj\Recondll\x64\Release\Recondll.lib and object D:\2015 Proj\Recondll\x64\Release\Recondll.exp
  Generating code
  All 3683 functions were compiled because no usable IPDB/IOBJ from previous compilation was found.
  Finished generating code
  Recondll.vcxproj -> D:\2015 Proj\Recondll\x64\Release\Recondll.dll
  Recondll.vcxproj -> D:\2015 Proj\Recondll\x64\Release\Recondll.pdb (Full PDB)
