Build started 24-06-2022 14:38:20.
     1>Project "D:\visualStudio15\camera_write\camera_write\camera_write.vcxproj" on node 2 (Build target(s)).
     1>ClCompile:
         C:\Program Files (x86)\Microsoft Visual Studio 14.0\VC\bin\x86_amd64\CL.exe /c /ZI /nologo /W3 /WX- /sdl /Od /D _DEBUG /D _CONSOLE /D _UNICODE /D UNICODE /Gm /EHsc /RTC1 /MDd /GS /fp:precise /Zc:wchar_t /Zc:forScope /Zc:inline /Yc"stdafx.h" /Fp"x64\Debug\camera_write.pch" /Fo"x64\Debug\\" /Fd"x64\Debug\vc140.pdb" /Gd /TP /errorReport:prompt stdafx.cpp
         stdafx.cpp
         C:\Program Files (x86)\Microsoft Visual Studio 14.0\VC\bin\x86_amd64\CL.exe /c /ZI /nologo /W3 /WX- /sdl /Od /D _DEBUG /D _CONSOLE /D _UNICODE /D UNICODE /Gm /EHsc /RTC1 /MDd /GS /fp:precise /Zc:wchar_t /Zc:forScope /Zc:inline /Yu"stdafx.h" /Fp"x64\Debug\camera_write.pch" /Fo"x64\Debug\\" /Fd"x64\Debug\vc140.pdb" /Gd /TP /errorReport:prompt camera_write.cpp camselect.cpp
         camselect.cpp
     1>d:\visualstudio15\camera_write\camera_write\camselect.cpp(461): warning C4305: 'argument': truncation from 'double' to 'float'
     1>d:\visualstudio15\camera_write\camera_write\camselect.cpp(462): warning C4305: 'argument': truncation from 'double' to 'float'
     1>d:\visualstudio15\camera_write\camera_write\camselect.cpp(463): warning C4305: 'argument': truncation from 'double' to 'float'
     1>d:\visualstudio15\camera_write\camera_write\camselect.cpp(464): warning C4305: 'argument': truncation from 'double' to 'float'
     1>d:\visualstudio15\camera_write\camera_write\camselect.cpp(465): warning C4305: 'argument': truncation from 'double' to 'float'
     1>d:\visualstudio15\camera_write\camera_write\camselect.cpp(466): warning C4305: 'argument': truncation from 'double' to 'float'
     1>d:\visualstudio15\camera_write\camera_write\camselect.cpp(467): warning C4305: 'argument': truncation from 'double' to 'float'
     1>d:\visualstudio15\camera_write\camera_write\camselect.cpp(468): warning C4305: 'argument': truncation from 'double' to 'float'
     1>d:\visualstudio15\camera_write\camera_write\camselect.cpp(469): warning C4305: 'argument': truncation from 'double' to 'float'
     1>d:\visualstudio15\camera_write\camera_write\camselect.cpp(470): warning C4305: 'argument': truncation from 'double' to 'float'
     1>d:\visualstudio15\camera_write\camera_write\camselect.cpp(471): warning C4305: 'argument': truncation from 'double' to 'float'
     1>d:\visualstudio15\camera_write\camera_write\camselect.cpp(472): warning C4305: 'argument': truncation from 'double' to 'float'
     1>d:\visualstudio15\camera_write\camera_write\camselect.cpp(473): warning C4305: 'argument': truncation from 'double' to 'float'
     1>d:\visualstudio15\camera_write\camera_write\camselect.cpp(474): warning C4305: 'argument': truncation from 'double' to 'float'
     1>d:\visualstudio15\camera_write\camera_write\camselect.cpp(475): warning C4305: 'argument': truncation from 'double' to 'float'
     1>d:\visualstudio15\camera_write\camera_write\camselect.cpp(476): warning C4305: 'argument': truncation from 'double' to 'float'
     1>d:\visualstudio15\camera_write\camera_write\camselect.cpp(477): warning C4305: 'argument': truncation from 'double' to 'float'
     1>d:\visualstudio15\camera_write\camera_write\camselect.cpp(478): warning C4305: 'argument': truncation from 'double' to 'float'
     1>d:\visualstudio15\camera_write\camera_write\camselect.cpp(479): warning C4305: 'argument': truncation from 'double' to 'float'
     1>d:\visualstudio15\camera_write\camera_write\camselect.cpp(480): warning C4305: 'argument': truncation from 'double' to 'float'
     1>d:\visualstudio15\camera_write\camera_write\camselect.cpp(481): warning C4305: 'argument': truncation from 'double' to 'float'
     1>d:\visualstudio15\camera_write\camera_write\camselect.cpp(482): warning C4305: 'argument': truncation from 'double' to 'float'
     1>d:\visualstudio15\camera_write\camera_write\camselect.cpp(483): warning C4305: 'argument': truncation from 'double' to 'float'
     1>d:\visualstudio15\camera_write\camera_write\camselect.cpp(484): warning C4305: 'argument': truncation from 'double' to 'float'
     1>d:\visualstudio15\camera_write\camera_write\camselect.cpp(485): warning C4305: 'argument': truncation from 'double' to 'float'
     1>d:\visualstudio15\camera_write\camera_write\camselect.cpp(486): warning C4305: 'argument': truncation from 'double' to 'float'
     1>d:\visualstudio15\camera_write\camera_write\camselect.cpp(487): warning C4305: 'argument': truncation from 'double' to 'float'
     1>d:\visualstudio15\camera_write\camera_write\camselect.cpp(488): warning C4305: 'argument': truncation from 'double' to 'float'
     1>d:\visualstudio15\camera_write\camera_write\camselect.cpp(489): warning C4305: 'argument': truncation from 'double' to 'float'
     1>d:\visualstudio15\camera_write\camera_write\camselect.cpp(941): warning C4101: 'CamSerialNumber': unreferenced local variable
     1>d:\visualstudio15\camera_write\camera_write\camselect.cpp(1006): warning C4305: 'initializing': truncation from 'double' to 'float'
     1>d:\visualstudio15\camera_write\camera_write\camselect.cpp(1007): warning C4305: 'initializing': truncation from 'double' to 'float'
     1>d:\visualstudio15\camera_write\camera_write\camselect.cpp(1008): warning C4305: 'initializing': truncation from 'double' to 'float'
     1>d:\visualstudio15\camera_write\camera_write\camselect.cpp(1009): warning C4305: 'initializing': truncation from 'double' to 'float'
     1>d:\visualstudio15\camera_write\camera_write\camselect.cpp(1058): warning C4305: 'initializing': truncation from 'double' to 'float'
     1>d:\visualstudio15\camera_write\camera_write\camselect.cpp(1059): warning C4305: 'initializing': truncation from 'double' to 'float'
     1>d:\visualstudio15\camera_write\camera_write\camselect.cpp(1060): warning C4305: 'initializing': truncation from 'double' to 'float'
     1>d:\visualstudio15\camera_write\camera_write\camselect.cpp(1061): warning C4305: 'initializing': truncation from 'double' to 'float'
     1>d:\visualstudio15\camera_write\camera_write\camselect.cpp(1132): warning C4305: 'argument': truncation from 'double' to 'float'
     1>d:\visualstudio15\camera_write\camera_write\camselect.cpp(1133): warning C4305: 'argument': truncation from 'double' to 'float'
     1>d:\visualstudio15\camera_write\camera_write\camselect.cpp(1134): warning C4305: 'argument': truncation from 'double' to 'float'
     1>d:\visualstudio15\camera_write\camera_write\camselect.cpp(1135): warning C4305: 'argument': truncation from 'double' to 'float'
     1>d:\visualstudio15\camera_write\camera_write\camselect.cpp(1136): warning C4305: 'argument': truncation from 'double' to 'float'
     1>d:\visualstudio15\camera_write\camera_write\camselect.cpp(1137): warning C4305: 'argument': truncation from 'double' to 'float'
     1>d:\visualstudio15\camera_write\camera_write\camselect.cpp(1138): warning C4305: 'argument': truncation from 'double' to 'float'
     1>d:\visualstudio15\camera_write\camera_write\camselect.cpp(1139): warning C4305: 'argument': truncation from 'double' to 'float'
     1>d:\visualstudio15\camera_write\camera_write\camselect.cpp(1140): warning C4305: 'argument': truncation from 'double' to 'float'
     1>d:\visualstudio15\camera_write\camera_write\camselect.cpp(1141): warning C4305: 'argument': truncation from 'double' to 'float'
     1>d:\visualstudio15\camera_write\camera_write\camselect.cpp(1142): warning C4305: 'argument': truncation from 'double' to 'float'
     1>d:\visualstudio15\camera_write\camera_write\camselect.cpp(1143): warning C4305: 'argument': truncation from 'double' to 'float'
     1>d:\visualstudio15\camera_write\camera_write\camselect.cpp(1144): warning C4305: 'argument': truncation from 'double' to 'float'
     1>d:\visualstudio15\camera_write\camera_write\camselect.cpp(1145): warning C4305: 'argument': truncation from 'double' to 'float'
     1>d:\visualstudio15\camera_write\camera_write\camselect.cpp(1146): warning C4305: 'argument': truncation from 'double' to 'float'
     1>d:\visualstudio15\camera_write\camera_write\camselect.cpp(1147): warning C4305: 'argument': truncation from 'double' to 'float'
     1>d:\visualstudio15\camera_write\camera_write\camselect.cpp(1148): warning C4305: 'argument': truncation from 'double' to 'float'
     1>d:\visualstudio15\camera_write\camera_write\camselect.cpp(1149): warning C4305: 'argument': truncation from 'double' to 'float'
     1>d:\visualstudio15\camera_write\camera_write\camselect.cpp(1150): warning C4305: 'argument': truncation from 'double' to 'float'
     1>d:\visualstudio15\camera_write\camera_write\camselect.cpp(1151): warning C4305: 'argument': truncation from 'double' to 'float'
     1>d:\visualstudio15\camera_write\camera_write\camselect.cpp(1152): warning C4305: 'argument': truncation from 'double' to 'float'
     1>d:\visualstudio15\camera_write\camera_write\camselect.cpp(1153): warning C4305: 'argument': truncation from 'double' to 'float'
     1>d:\visualstudio15\camera_write\camera_write\camselect.cpp(1154): warning C4305: 'argument': truncation from 'double' to 'float'
     1>d:\visualstudio15\camera_write\camera_write\camselect.cpp(1155): warning C4305: 'argument': truncation from 'double' to 'float'
     1>d:\visualstudio15\camera_write\camera_write\camselect.cpp(1156): warning C4305: 'argument': truncation from 'double' to 'float'
     1>d:\visualstudio15\camera_write\camera_write\camselect.cpp(1157): warning C4305: 'argument': truncation from 'double' to 'float'
     1>d:\visualstudio15\camera_write\camera_write\camselect.cpp(1158): warning C4305: 'argument': truncation from 'double' to 'float'
     1>d:\visualstudio15\camera_write\camera_write\camselect.cpp(1159): warning C4305: 'argument': truncation from 'double' to 'float'
     1>d:\visualstudio15\camera_write\camera_write\camselect.cpp(1160): warning C4305: 'argument': truncation from 'double' to 'float'
     1>d:\visualstudio15\camera_write\camera_write\camselect.cpp(1164): warning C4305: 'argument': truncation from 'double' to 'float'
     1>d:\visualstudio15\camera_write\camera_write\camselect.cpp(1165): warning C4305: 'argument': truncation from 'double' to 'float'
     1>d:\visualstudio15\camera_write\camera_write\camselect.cpp(1166): warning C4305: 'argument': truncation from 'double' to 'float'
     1>d:\visualstudio15\camera_write\camera_write\camselect.cpp(1167): warning C4305: 'argument': truncation from 'double' to 'float'
     1>d:\visualstudio15\camera_write\camera_write\camselect.cpp(1168): warning C4305: 'argument': truncation from 'double' to 'float'
     1>d:\visualstudio15\camera_write\camera_write\camselect.cpp(1169): warning C4305: 'argument': truncation from 'double' to 'float'
     1>d:\visualstudio15\camera_write\camera_write\camselect.cpp(1170): warning C4305: 'argument': truncation from 'double' to 'float'
     1>d:\visualstudio15\camera_write\camera_write\camselect.cpp(1171): warning C4305: 'argument': truncation from 'double' to 'float'
     1>d:\visualstudio15\camera_write\camera_write\camselect.cpp(1172): warning C4305: 'argument': truncation from 'double' to 'float'
     1>d:\visualstudio15\camera_write\camera_write\camselect.cpp(1173): warning C4305: 'argument': truncation from 'double' to 'float'
     1>d:\visualstudio15\camera_write\camera_write\camselect.cpp(1174): warning C4305: 'argument': truncation from 'double' to 'float'
     1>d:\visualstudio15\camera_write\camera_write\camselect.cpp(1175): warning C4305: 'argument': truncation from 'double' to 'float'
     1>d:\visualstudio15\camera_write\camera_write\camselect.cpp(1176): warning C4305: 'argument': truncation from 'double' to 'float'
     1>d:\visualstudio15\camera_write\camera_write\camselect.cpp(1177): warning C4305: 'argument': truncation from 'double' to 'float'
     1>d:\visualstudio15\camera_write\camera_write\camselect.cpp(1178): warning C4305: 'argument': truncation from 'double' to 'float'
     1>d:\visualstudio15\camera_write\camera_write\camselect.cpp(1179): warning C4305: 'argument': truncation from 'double' to 'float'
     1>d:\visualstudio15\camera_write\camera_write\camselect.cpp(1180): warning C4305: 'argument': truncation from 'double' to 'float'
     1>d:\visualstudio15\camera_write\camera_write\camselect.cpp(1181): warning C4305: 'argument': truncation from 'double' to 'float'
     1>d:\visualstudio15\camera_write\camera_write\camselect.cpp(1182): warning C4305: 'argument': truncation from 'double' to 'float'
     1>d:\visualstudio15\camera_write\camera_write\camselect.cpp(1183): warning C4305: 'argument': truncation from 'double' to 'float'
     1>d:\visualstudio15\camera_write\camera_write\camselect.cpp(1184): warning C4305: 'argument': truncation from 'double' to 'float'
     1>d:\visualstudio15\camera_write\camera_write\camselect.cpp(1185): warning C4305: 'argument': truncation from 'double' to 'float'
     1>d:\visualstudio15\camera_write\camera_write\camselect.cpp(1186): warning C4305: 'argument': truncation from 'double' to 'float'
     1>d:\visualstudio15\camera_write\camera_write\camselect.cpp(1187): warning C4305: 'argument': truncation from 'double' to 'float'
     1>d:\visualstudio15\camera_write\camera_write\camselect.cpp(1188): warning C4305: 'argument': truncation from 'double' to 'float'
     1>d:\visualstudio15\camera_write\camera_write\camselect.cpp(1189): warning C4305: 'argument': truncation from 'double' to 'float'
     1>d:\visualstudio15\camera_write\camera_write\camselect.cpp(1190): warning C4305: 'argument': truncation from 'double' to 'float'
     1>d:\visualstudio15\camera_write\camera_write\camselect.cpp(1191): warning C4305: 'argument': truncation from 'double' to 'float'
     1>d:\visualstudio15\camera_write\camera_write\camselect.cpp(1192): warning C4305: 'argument': truncation from 'double' to 'float'
     1>d:\visualstudio15\camera_write\camera_write\camselect.cpp(1195): warning C4305: 'argument': truncation from 'double' to 'float'
     1>d:\visualstudio15\camera_write\camera_write\camselect.cpp(1196): warning C4305: 'argument': truncation from 'double' to 'float'
     1>d:\visualstudio15\camera_write\camera_write\camselect.cpp(1197): warning C4305: 'argument': truncation from 'double' to 'float'
     1>d:\visualstudio15\camera_write\camera_write\camselect.cpp(1198): warning C4305: 'argument': truncation from 'double' to 'float'
     1>d:\visualstudio15\camera_write\camera_write\camselect.cpp(1199): warning C4305: 'argument': truncation from 'double' to 'float'
     1>d:\visualstudio15\camera_write\camera_write\camselect.cpp(1200): warning C4305: 'argument': truncation from 'double' to 'float'
     1>d:\visualstudio15\camera_write\camera_write\camselect.cpp(1201): warning C4305: 'argument': truncation from 'double' to 'float'
     1>d:\visualstudio15\camera_write\camera_write\camselect.cpp(1202): warning C4305: 'argument': truncation from 'double' to 'float'
     1>d:\visualstudio15\camera_write\camera_write\camselect.cpp(1203): warning C4305: 'argument': truncation from 'double' to 'float'
     1>d:\visualstudio15\camera_write\camera_write\camselect.cpp(1204): warning C4305: 'argument': truncation from 'double' to 'float'
     1>d:\visualstudio15\camera_write\camera_write\camselect.cpp(1205): warning C4305: 'argument': truncation from 'double' to 'float'
     1>d:\visualstudio15\camera_write\camera_write\camselect.cpp(1206): warning C4305: 'argument': truncation from 'double' to 'float'
     1>d:\visualstudio15\camera_write\camera_write\camselect.cpp(1207): warning C4305: 'argument': truncation from 'double' to 'float'
     1>d:\visualstudio15\camera_write\camera_write\camselect.cpp(1208): warning C4305: 'argument': truncation from 'double' to 'float'
     1>d:\visualstudio15\camera_write\camera_write\camselect.cpp(1209): warning C4305: 'argument': truncation from 'double' to 'float'
     1>d:\visualstudio15\camera_write\camera_write\camselect.cpp(1210): warning C4305: 'argument': truncation from 'double' to 'float'
     1>d:\visualstudio15\camera_write\camera_write\camselect.cpp(1211): warning C4305: 'argument': truncation from 'double' to 'float'
     1>d:\visualstudio15\camera_write\camera_write\camselect.cpp(1212): warning C4305: 'argument': truncation from 'double' to 'float'
     1>d:\visualstudio15\camera_write\camera_write\camselect.cpp(1213): warning C4305: 'argument': truncation from 'double' to 'float'
     1>d:\visualstudio15\camera_write\camera_write\camselect.cpp(1214): warning C4305: 'argument': truncation from 'double' to 'float'
     1>d:\visualstudio15\camera_write\camera_write\camselect.cpp(1215): warning C4305: 'argument': truncation from 'double' to 'float'
     1>d:\visualstudio15\camera_write\camera_write\camselect.cpp(1216): warning C4305: 'argument': truncation from 'double' to 'float'
     1>d:\visualstudio15\camera_write\camera_write\camselect.cpp(1217): warning C4305: 'argument': truncation from 'double' to 'float'
     1>d:\visualstudio15\camera_write\camera_write\camselect.cpp(1218): warning C4305: 'argument': truncation from 'double' to 'float'
     1>d:\visualstudio15\camera_write\camera_write\camselect.cpp(1219): warning C4305: 'argument': truncation from 'double' to 'float'
     1>d:\visualstudio15\camera_write\camera_write\camselect.cpp(1220): warning C4305: 'argument': truncation from 'double' to 'float'
     1>d:\visualstudio15\camera_write\camera_write\camselect.cpp(1221): warning C4305: 'argument': truncation from 'double' to 'float'
     1>d:\visualstudio15\camera_write\camera_write\camselect.cpp(1222): warning C4305: 'argument': truncation from 'double' to 'float'
     1>d:\visualstudio15\camera_write\camera_write\camselect.cpp(1223): warning C4305: 'argument': truncation from 'double' to 'float'
     1>d:\visualstudio15\camera_write\camera_write\camselect.cpp(1227): warning C4305: 'argument': truncation from 'double' to 'float'
     1>d:\visualstudio15\camera_write\camera_write\camselect.cpp(1228): warning C4305: 'argument': truncation from 'double' to 'float'
     1>d:\visualstudio15\camera_write\camera_write\camselect.cpp(1229): warning C4305: 'argument': truncation from 'double' to 'float'
     1>d:\visualstudio15\camera_write\camera_write\camselect.cpp(1230): warning C4305: 'argument': truncation from 'double' to 'float'
     1>d:\visualstudio15\camera_write\camera_write\camselect.cpp(1231): warning C4305: 'argument': truncation from 'double' to 'float'
     1>d:\visualstudio15\camera_write\camera_write\camselect.cpp(1232): warning C4305: 'argument': truncation from 'double' to 'float'
     1>d:\visualstudio15\camera_write\camera_write\camselect.cpp(1233): warning C4305: 'argument': truncation from 'double' to 'float'
     1>d:\visualstudio15\camera_write\camera_write\camselect.cpp(1234): warning C4305: 'argument': truncation from 'double' to 'float'
     1>d:\visualstudio15\camera_write\camera_write\camselect.cpp(1235): warning C4305: 'argument': truncation from 'double' to 'float'
     1>d:\visualstudio15\camera_write\camera_write\camselect.cpp(1236): warning C4305: 'argument': truncation from 'double' to 'float'
     1>d:\visualstudio15\camera_write\camera_write\camselect.cpp(1237): warning C4305: 'argument': truncation from 'double' to 'float'
     1>d:\visualstudio15\camera_write\camera_write\camselect.cpp(1238): warning C4305: 'argument': truncation from 'double' to 'float'
     1>d:\visualstudio15\camera_write\camera_write\camselect.cpp(1239): warning C4305: 'argument': truncation from 'double' to 'float'
     1>d:\visualstudio15\camera_write\camera_write\camselect.cpp(1240): warning C4305: 'argument': truncation from 'double' to 'float'
     1>d:\visualstudio15\camera_write\camera_write\camselect.cpp(1241): warning C4305: 'argument': truncation from 'double' to 'float'
     1>d:\visualstudio15\camera_write\camera_write\camselect.cpp(1242): warning C4305: 'argument': truncation from 'double' to 'float'
     1>d:\visualstudio15\camera_write\camera_write\camselect.cpp(1243): warning C4305: 'argument': truncation from 'double' to 'float'
     1>d:\visualstudio15\camera_write\camera_write\camselect.cpp(1244): warning C4305: 'argument': truncation from 'double' to 'float'
     1>d:\visualstudio15\camera_write\camera_write\camselect.cpp(1245): warning C4305: 'argument': truncation from 'double' to 'float'
     1>d:\visualstudio15\camera_write\camera_write\camselect.cpp(1246): warning C4305: 'argument': truncation from 'double' to 'float'
     1>d:\visualstudio15\camera_write\camera_write\camselect.cpp(1247): warning C4305: 'argument': truncation from 'double' to 'float'
     1>d:\visualstudio15\camera_write\camera_write\camselect.cpp(1248): warning C4305: 'argument': truncation from 'double' to 'float'
     1>d:\visualstudio15\camera_write\camera_write\camselect.cpp(1249): warning C4305: 'argument': truncation from 'double' to 'float'
     1>d:\visualstudio15\camera_write\camera_write\camselect.cpp(1250): warning C4305: 'argument': truncation from 'double' to 'float'
     1>d:\visualstudio15\camera_write\camera_write\camselect.cpp(1251): warning C4305: 'argument': truncation from 'double' to 'float'
     1>d:\visualstudio15\camera_write\camera_write\camselect.cpp(1252): warning C4305: 'argument': truncation from 'double' to 'float'
     1>d:\visualstudio15\camera_write\camera_write\camselect.cpp(1253): warning C4305: 'argument': truncation from 'double' to 'float'
     1>d:\visualstudio15\camera_write\camera_write\camselect.cpp(1254): warning C4305: 'argument': truncation from 'double' to 'float'
     1>d:\visualstudio15\camera_write\camera_write\camselect.cpp(1255): warning C4305: 'argument': truncation from 'double' to 'float'
         camera_write.cpp
         Generating Code...
       Link:
         C:\Program Files (x86)\Microsoft Visual Studio 14.0\VC\bin\x86_amd64\link.exe /ERRORREPORT:PROMPT /OUT:"D:\visualStudio15\camera_write\x64\Debug\camera_write.exe" /INCREMENTAL /NOLOGO kernel32.lib user32.lib gdi32.lib winspool.lib comdlg32.lib advapi32.lib shell32.lib ole32.lib oleaut32.lib uuid.lib odbc32.lib odbccp32.lib /MANIFEST /MANIFESTUAC:"level='asInvoker' uiAccess='false'" /manifest:embed /Debug /PDB:"D:\visualStudio15\camera_write\x64\Debug\camera_write.pdb" /SUBSYSTEM:CONSOLE /TLBID:1 /DYNAMICBASE /NXCOMPAT /IMPLIB:"D:\visualStudio15\camera_write\x64\Debug\camera_write.lib" /MACHINE:X64 x64\Debug\camera_write.obj
         x64\Debug\camselect.obj
         x64\Debug\stdafx.obj
         camera_write.vcxproj -> D:\visualStudio15\camera_write\x64\Debug\camera_write.exe
     1>Done Building Project "D:\visualStudio15\camera_write\camera_write\camera_write.vcxproj" (Build target(s)).

Build succeeded.

Time Elapsed 00:00:01.61
