Build started 02-06-2022 09:53:39.
     1>Project "D:\visualStudio15\opecvfun\VS_Sqllite\VS_Sqllite\VS_Sqllite.vcxproj" on node 2 (Build target(s)).
     1>ClCompile:
         C:\Program Files (x86)\Microsoft Visual Studio 14.0\VC\bin\x86_amd64\CL.exe /c /I"C:\Program Files\SQLAPI\include" /ZI /nologo /W3 /WX- /sdl /Od /D _DEBUG /D _CONSOLE /D _UNICODE /D UNICODE /Gm /EHsc /RTC1 /MDd /GS /fp:precise /Zc:wchar_t /Zc:forScope /Zc:inline /Yc"stdafx.h" /Fp"x64\Debug\VS_Sqllite.pch" /Fo"x64\Debug\\" /Fd"x64\Debug\vc140.pdb" /Gd /TP /errorReport:prompt stdafx.cpp
         stdafx.cpp
         C:\Program Files (x86)\Microsoft Visual Studio 14.0\VC\bin\x86_amd64\CL.exe /c /I"C:\Program Files\SQLAPI\include" /ZI /nologo /W3 /WX- /sdl /Od /D _DEBUG /D _CONSOLE /D _UNICODE /D UNICODE /Gm /EHsc /RTC1 /MDd /GS /fp:precise /Zc:wchar_t /Zc:forScope /Zc:inline /Yu"stdafx.h" /Fp"x64\Debug\VS_Sqllite.pch" /Fo"x64\Debug\\" /Fd"x64\Debug\vc140.pdb" /Gd /TP /errorReport:prompt VS_Sqllite.cpp
         VS_Sqllite.cpp
     1>d:\visualstudio15\opecvfun\vs_sqllite\vs_sqllite\vs_sqllite.cpp(33): warning C4101: 'amp': unreferenced local variable
     1>d:\visualstudio15\opecvfun\vs_sqllite\vs_sqllite\vs_sqllite.cpp(44): warning C4101: 'amp': unreferenced local variable
       Link:
         C:\Program Files (x86)\Microsoft Visual Studio 14.0\VC\bin\x86_amd64\link.exe /ERRORREPORT:PROMPT /OUT:"D:\visualStudio15\opecvfun\VS_Sqllite\x64\Debug\VS_Sqllite.exe" /INCREMENTAL /NOLOGO /LIBPATH:"C:\Program Files\SQLAPI\vs2013\lib" /LIBPATH:"C:\Program Files\SQLAPI\lib" sqlapi.lib sqlapid.lib sqlapis.lib sqlapisd.lib sqlapiu.lib sqlapiud.lib sqlapius.lib sqlapiusd.lib kernel32.lib user32.lib gdi32.lib winspool.lib comdlg32.lib advapi32.lib shell32.lib ole32.lib oleaut32.lib uuid.lib odbc32.lib odbccp32.lib /MANIFEST /MANIFESTUAC:"level='asInvoker' uiAccess='false'" /manifest:embed /Debug /PDB:"D:\visualStudio15\opecvfun\VS_Sqllite\x64\Debug\VS_Sqllite.pdb" /SUBSYSTEM:CONSOLE /TLBID:1 /DYNAMICBASE /NXCOMPAT /IMPLIB:"D:\visualStudio15\opecvfun\VS_Sqllite\x64\Debug\VS_Sqllite.lib" /MACHINE:X64 x64\Debug\stdafx.obj
         x64\Debug\VS_Sqllite.obj
     1>VS_Sqllite.obj : error LNK2019: unresolved external symbol "public: __cdecl SAString::SAString(char const *)" (??0SAString@@QEAA@PEBD@Z) referenced in function main
     1>VS_Sqllite.obj : error LNK2019: unresolved external symbol "public: __cdecl SAString::~SAString(void)" (??1SAString@@QEAA@XZ) referenced in function main
     1>VS_Sqllite.obj : error LNK2019: unresolved external symbol "public: __cdecl SAConnection::SAConnection(void)" (??0SAConnection@@QEAA@XZ) referenced in function main
     1>VS_Sqllite.obj : error LNK2019: unresolved external symbol "public: virtual __cdecl SAConnection::~SAConnection(void)" (??1SAConnection@@UEAA@XZ) referenced in function main
     1>VS_Sqllite.obj : error LNK2019: unresolved external symbol "public: void __cdecl SAConnection::Connect(class SAString const &,class SAString const &,class SAString const &,enum eSAClient,void (__cdecl*)(class SAConnection &,enum eSAConnectionHandlerType))" (?Connect@SAConnection@@QEAAXAEBVSAString@@00W4eSAClient@@P6AXAEAV1@W4eSAConnectionHandlerType@@@Z@Z) referenced in function main
     1>VS_Sqllite.obj : error LNK2019: unresolved external symbol "public: void __cdecl SAConnection::Disconnect(void)" (?Disconnect@SAConnection@@QEAAXXZ) referenced in function main
     1>VS_Sqllite.obj : error LNK2019: unresolved external symbol "public: void __cdecl SAConnection::Rollback(void)" (?Rollback@SAConnection@@QEAAXXZ) referenced in function __catch$main$0
     1>C:\Program Files\SQLAPI\vs2013\lib\sqlapi.lib : warning LNK4272: library machine type 'X86' conflicts with target machine type 'x64'
     1>C:\Program Files\SQLAPI\vs2013\lib\sqlapid.lib : warning LNK4272: library machine type 'X86' conflicts with target machine type 'x64'
     1>C:\Program Files\SQLAPI\vs2013\lib\sqlapis.lib : warning LNK4272: library machine type 'X86' conflicts with target machine type 'x64'
     1>C:\Program Files\SQLAPI\vs2013\lib\sqlapisd.lib : warning LNK4272: library machine type 'X86' conflicts with target machine type 'x64'
     1>C:\Program Files\SQLAPI\vs2013\lib\sqlapiu.lib : warning LNK4272: library machine type 'X86' conflicts with target machine type 'x64'
     1>C:\Program Files\SQLAPI\vs2013\lib\sqlapiud.lib : warning LNK4272: library machine type 'X86' conflicts with target machine type 'x64'
     1>C:\Program Files\SQLAPI\vs2013\lib\sqlapius.lib : warning LNK4272: library machine type 'X86' conflicts with target machine type 'x64'
     1>C:\Program Files\SQLAPI\vs2013\lib\sqlapiusd.lib : warning LNK4272: library machine type 'X86' conflicts with target machine type 'x64'
     1>D:\visualStudio15\opecvfun\VS_Sqllite\x64\Debug\VS_Sqllite.exe : fatal error LNK1120: 7 unresolved externals
     1>Done Building Project "D:\visualStudio15\opecvfun\VS_Sqllite\VS_Sqllite\VS_Sqllite.vcxproj" (Build target(s)) -- FAILED.

Build FAILED.

Time Elapsed 00:00:01.64
